foo = (
    "foo"
    "bar"
    # test
    "baz"
)

bar = [
    "foo"
    "bar"
    # test
    "baz",
]
